// Jest Snapshot v1, https://goo.gl/fbAQLP

exports[`App tests renders correctly App page 1`] = `<Router />`;
